// Jest Snapshot v1, https://goo.gl/fbAQLP

exports[`LoadingOverlay matches snapshot 1`] = `
<div
  class="fixed inset-0 z-50 flex flex-col items-center justify-center bg-background/80 backdrop-blur-sm"
  data-testid="spinner"
  style="min-height: 100vh;"
>
  <div
    class="rounded-xl text-card-foreground flex flex-col items-center gap-4 p-8 shadow-xl border bg-card/90"
  >
    <span
      aria-label="Loading"
      aria-valuemax="100"
      aria-valuemin="0"
      aria-valuetext="Loading"
      class="inline-flex items-center justify-center"
      role="progressbar"
    >
      <svg
        aria-hidden="true"
        class="lucide lucide-loader-circle animate-spin h-6 w-6 text-primary"
        fill="none"
        height="24"
        stroke="currentColor"
        stroke-linecap="round"
        stroke-linejoin="round"
        stroke-width="2"
        viewBox="0 0 24 24"
        width="24"
        xmlns="http://www.w3.org/2000/svg"
      >
        <path
          d="M21 12a9 9 0 1 1-6.219-8.56"
        />
      </svg>
    </span>
    <p
      class="text-base font-mono animate-pulse text-foreground/80 text-center min-w-[200px] min-h-[24px]"
    >
      Loading...
    </p>
  </div>
</div>
`;
