// Jest Snapshot v1, https://goo.gl/fbAQLP

exports[`MagicButton matches snapshot 1`] = `
<button>
  Snapshot
</button>
`;
