// Jest Snapshot v1, https://goo.gl/fbAQLP

exports[`SearchRepoBox matches snapshot 1`] = `
<div
  class="relative w-full max-w-xl"
>
  <input
    aria-label="Search GitHub repositories"
    class="w-full"
    placeholder="Search GitHub repositories (owner/repo or URL)"
    value=""
  />
  <div
    class="absolute w-full mt-1 z-10 p-0 mock-card"
  >
    <div
      class="flex items-center gap-2 px-3 py-2 cursor-pointer hover:bg-default-100 border-b last:border-b-0 border-divider"
    >
      <span
        class="font-mono text-sm text-foreground"
      >
        octocat/Hello-World
      </span>
    </div>
    <div
      class="flex items-center gap-2 px-3 py-2 cursor-pointer hover:bg-default-100 border-b last:border-b-0 border-divider"
    >
      <span
        class="font-mono text-sm text-foreground"
      >
        test/Repo
      </span>
    </div>
  </div>
</div>
`;
